In cycle 198: Write $0 Error
In cycle 199: Write $0 Error
In cycle 200: Write $0 Error
In cycle 201: Write $0 Error
In cycle 202: Write $0 Error
In cycle 203: Write $0 Error
In cycle 204: Write $0 Error
In cycle 205: Write $0 Error
In cycle 206: Write $0 Error
In cycle 207: Write $0 Error
In cycle 208: Write $0 Error
In cycle 209: Write $0 Error
In cycle 210: Write $0 Error
In cycle 211: Write $0 Error
In cycle 212: Write $0 Error
In cycle 213: Write $0 Error
In cycle 214: Write $0 Error
In cycle 215: Write $0 Error
In cycle 216: Write $0 Error
In cycle 217: Write $0 Error
In cycle 218: Write $0 Error
In cycle 219: Write $0 Error
In cycle 223: Number Overflow
In cycle 224: Number Overflow
In cycle 226: Number Overflow
In cycle 227: Number Overflow
In cycle 228: Number Overflow
In cycle 229: Number Overflow
In cycle 235: Write $0 Error
In cycle 236: Write $0 Error
In cycle 237: Write $0 Error
In cycle 238: Write $0 Error
In cycle 239: Write $0 Error
In cycle 240: Write $0 Error
In cycle 241: Write $0 Error
In cycle 242: Write $0 Error
In cycle 244: Write $0 Error
In cycle 245: Write $0 Error
In cycle 246: Write $0 Error
In cycle 247: Write $0 Error
In cycle 248: Write $0 Error
In cycle 249: Write $0 Error
In cycle 250: Write $0 Error
In cycle 251: Write $0 Error
In cycle 252: Write $0 Error
In cycle 253: Write $0 Error
In cycle 254: Write $0 Error
In cycle 255: Write $0 Error
In cycle 256: Write $0 Error
In cycle 488: Write $0 Error
In cycle 489: Write $0 Error
In cycle 490: Write $0 Error
In cycle 491: Write $0 Error
In cycle 492: Write $0 Error
In cycle 493: Write $0 Error
In cycle 494: Write $0 Error
In cycle 495: Write $0 Error
In cycle 496: Write $0 Error
In cycle 497: Write $0 Error
In cycle 498: Write $0 Error
In cycle 499: Write $0 Error
In cycle 500: Write $0 Error
In cycle 501: Write $0 Error
In cycle 502: Write $0 Error
In cycle 503: Write $0 Error
In cycle 504: Write $0 Error
In cycle 505: Write $0 Error
In cycle 506: Write $0 Error
In cycle 507: Write $0 Error
In cycle 508: Write $0 Error
In cycle 509: Write $0 Error
In cycle 513: Number Overflow
In cycle 514: Number Overflow
In cycle 516: Number Overflow
In cycle 517: Number Overflow
In cycle 518: Number Overflow
In cycle 519: Number Overflow
In cycle 525: Write $0 Error
In cycle 526: Write $0 Error
In cycle 527: Write $0 Error
In cycle 528: Write $0 Error
In cycle 529: Write $0 Error
In cycle 530: Write $0 Error
In cycle 531: Write $0 Error
In cycle 532: Write $0 Error
In cycle 534: Write $0 Error
In cycle 535: Write $0 Error
In cycle 536: Write $0 Error
In cycle 537: Write $0 Error
In cycle 538: Write $0 Error
In cycle 539: Write $0 Error
In cycle 540: Write $0 Error
In cycle 541: Write $0 Error
In cycle 542: Write $0 Error
In cycle 543: Write $0 Error
In cycle 544: Write $0 Error
In cycle 545: Write $0 Error
In cycle 546: Write $0 Error
In cycle 778: Write $0 Error
In cycle 779: Write $0 Error
In cycle 780: Write $0 Error
In cycle 781: Write $0 Error
In cycle 782: Write $0 Error
In cycle 783: Write $0 Error
In cycle 784: Write $0 Error
In cycle 785: Write $0 Error
In cycle 786: Write $0 Error
In cycle 787: Write $0 Error
In cycle 788: Write $0 Error
In cycle 789: Write $0 Error
In cycle 790: Write $0 Error
In cycle 791: Write $0 Error
In cycle 792: Write $0 Error
In cycle 793: Write $0 Error
In cycle 794: Write $0 Error
In cycle 795: Write $0 Error
In cycle 796: Write $0 Error
In cycle 797: Write $0 Error
In cycle 798: Write $0 Error
In cycle 799: Write $0 Error
In cycle 803: Number Overflow
In cycle 804: Number Overflow
In cycle 806: Number Overflow
In cycle 807: Number Overflow
In cycle 808: Number Overflow
In cycle 809: Number Overflow
In cycle 815: Write $0 Error
In cycle 816: Write $0 Error
In cycle 817: Write $0 Error
In cycle 818: Write $0 Error
In cycle 819: Write $0 Error
In cycle 820: Write $0 Error
In cycle 821: Write $0 Error
In cycle 822: Write $0 Error
In cycle 824: Write $0 Error
In cycle 825: Write $0 Error
In cycle 826: Write $0 Error
In cycle 827: Write $0 Error
In cycle 828: Write $0 Error
In cycle 829: Write $0 Error
In cycle 830: Write $0 Error
In cycle 831: Write $0 Error
In cycle 832: Write $0 Error
In cycle 833: Write $0 Error
In cycle 834: Write $0 Error
In cycle 835: Write $0 Error
In cycle 836: Write $0 Error
In cycle 857: Write $0 Error
In cycle 857: Address Overflow
In cycle 857: Misalignment Error
