In cycle 1: Write $0 Error
In cycle 2: Write $0 Error
In cycle 3: Write $0 Error
In cycle 4: Write $0 Error
In cycle 5: Write $0 Error
In cycle 6: Write $0 Error
In cycle 7: Write $0 Error
In cycle 8: Write $0 Error
In cycle 9: Write $0 Error
In cycle 10: Write $0 Error
In cycle 11: Write $0 Error
In cycle 12: Write $0 Error
In cycle 13: Write $0 Error
In cycle 14: Write $0 Error
In cycle 15: Write $0 Error
In cycle 16: Write $0 Error
In cycle 17: Write $0 Error
In cycle 18: Write $0 Error
In cycle 19: Write $0 Error
In cycle 21: Write $0 Error
In cycle 22: Write $0 Error
In cycle 23: Write $0 Error
In cycle 24: Write $0 Error
In cycle 25: Write $0 Error
In cycle 26: Write $0 Error
In cycle 27: Write $0 Error
In cycle 28: Write $0 Error
In cycle 32: Write $0 Error
In cycle 33: Write $0 Error
In cycle 34: Write $0 Error
In cycle 35: Write $0 Error
In cycle 36: Write $0 Error
In cycle 65: Number Overflow
In cycle 66: Number Overflow
In cycle 67: Number Overflow
In cycle 68: Number Overflow
In cycle 69: Number Overflow
In cycle 1009: Number Overflow
In cycle 1069: Number Overflow
In cycle 1079: Number Overflow
In cycle 1089: Number Overflow
In cycle 1099: Number Overflow
In cycle 1114: Number Overflow
In cycle 1124: Number Overflow
In cycle 1149: Number Overflow
In cycle 1169: Number Overflow
In cycle 1184: Number Overflow
In cycle 1199: Number Overflow
In cycle 1234: Number Overflow
In cycle 1244: Number Overflow
In cycle 1254: Number Overflow
In cycle 1264: Number Overflow
In cycle 1274: Number Overflow
In cycle 1284: Number Overflow
In cycle 1294: Number Overflow
In cycle 1311: Address Overflow
In cycle 1311: Misalignment Error
